// Jest Snapshot v1, https://goo.gl/fbAQLP

exports[`test on AddCategory should render the component 1`] = `
<form
  onSubmit={[Function]}
>
  <input
    onChange={[Function]}
    placeholder="Type a category and hit Enter"
    type="search"
    value=""
  />
</form>
`;
